running egg_info
writing ../../build/path_planner/path_planner.egg-info/PKG-INFO
writing dependency_links to ../../build/path_planner/path_planner.egg-info/dependency_links.txt
writing entry points to ../../build/path_planner/path_planner.egg-info/entry_points.txt
writing requirements to ../../build/path_planner/path_planner.egg-info/requires.txt
writing top-level names to ../../build/path_planner/path_planner.egg-info/top_level.txt
reading manifest file '../../build/path_planner/path_planner.egg-info/SOURCES.txt'
writing manifest file '../../build/path_planner/path_planner.egg-info/SOURCES.txt'
running build
running build_py
running install
running install_lib
running install_data
running install_egg_info
removing '/home/tedee/swarm_pf/ros2_ws/install/path_planner/lib/python3.10/site-packages/path_planner-0.0.0-py3.10.egg-info' (and everything under it)
Copying ../../build/path_planner/path_planner.egg-info to /home/tedee/swarm_pf/ros2_ws/install/path_planner/lib/python3.10/site-packages/path_planner-0.0.0-py3.10.egg-info
running install_scripts
<<<<<<<< HEAD:ros2_ws/log/build_2025-12-26_20-02-16/path_planner/stdout_stderr.log
Installing follower_local_planner script to /home/tedee/swarm/ros2_ws/install/path_planner/lib/path_planner
Installing path_planner_node script to /home/tedee/swarm/ros2_ws/install/path_planner/lib/path_planner
Installing pf_visualizer_node script to /home/tedee/swarm/ros2_ws/install/path_planner/lib/path_planner
writing list of installed files to '/home/tedee/swarm/ros2_ws/build/path_planner/install.log'
========
Installing follower_local_planner script to /home/tedee/swarm_pf/ros2_ws/install/path_planner/lib/path_planner
Installing path_planner_node script to /home/tedee/swarm_pf/ros2_ws/install/path_planner/lib/path_planner
Installing pf_visualizer_node script to /home/tedee/swarm_pf/ros2_ws/install/path_planner/lib/path_planner
writing list of installed files to '/home/tedee/swarm_pf/ros2_ws/build/path_planner/install.log'
>>>>>>>> 0b3ebeb (Update README):ros2_ws/log/build_2025-12-26_10-10-33/path_planner/stdout_stderr.log
