running egg_info
creating ../../build/swarm_launch/swarm_launch.egg-info
writing ../../build/swarm_launch/swarm_launch.egg-info/PKG-INFO
writing dependency_links to ../../build/swarm_launch/swarm_launch.egg-info/dependency_links.txt
writing entry points to ../../build/swarm_launch/swarm_launch.egg-info/entry_points.txt
writing requirements to ../../build/swarm_launch/swarm_launch.egg-info/requires.txt
writing top-level names to ../../build/swarm_launch/swarm_launch.egg-info/top_level.txt
writing manifest file '../../build/swarm_launch/swarm_launch.egg-info/SOURCES.txt'
reading manifest file '../../build/swarm_launch/swarm_launch.egg-info/SOURCES.txt'
writing manifest file '../../build/swarm_launch/swarm_launch.egg-info/SOURCES.txt'
running build
running build_py
creating /home/tedee/swarm/ros2_ws/build/swarm_launch/build
creating /home/tedee/swarm/ros2_ws/build/swarm_launch/build/lib
creating /home/tedee/swarm/ros2_ws/build/swarm_launch/build/lib/swarm_launch
copying swarm_launch/__init__.py -> /home/tedee/swarm/ros2_ws/build/swarm_launch/build/lib/swarm_launch
running install
running install_lib
creating /home/tedee/swarm/ros2_ws/install/swarm_launch/lib/python3.10/site-packages/swarm_launch
copying /home/tedee/swarm/ros2_ws/build/swarm_launch/build/lib/swarm_launch/__init__.py -> /home/tedee/swarm/ros2_ws/install/swarm_launch/lib/python3.10/site-packages/swarm_launch
byte-compiling /home/tedee/swarm/ros2_ws/install/swarm_launch/lib/python3.10/site-packages/swarm_launch/__init__.py to __init__.cpython-310.pyc
running install_data
creating /home/tedee/swarm/ros2_ws/install/swarm_launch/share/ament_index
creating /home/tedee/swarm/ros2_ws/install/swarm_launch/share/ament_index/resource_index
creating /home/tedee/swarm/ros2_ws/install/swarm_launch/share/ament_index/resource_index/packages
copying resource/swarm_launch -> /home/tedee/swarm/ros2_ws/install/swarm_launch/share/ament_index/resource_index/packages
copying package.xml -> /home/tedee/swarm/ros2_ws/install/swarm_launch/share/swarm_launch
creating /home/tedee/swarm/ros2_ws/install/swarm_launch/share/swarm_launch/launch
copying launch/swarm_simulation.launch.py -> /home/tedee/swarm/ros2_ws/install/swarm_launch/share/swarm_launch/launch
running install_egg_info
Copying ../../build/swarm_launch/swarm_launch.egg-info to /home/tedee/swarm/ros2_ws/install/swarm_launch/lib/python3.10/site-packages/swarm_launch-0.0.0-py3.10.egg-info
running install_scripts
writing list of installed files to '/home/tedee/swarm/ros2_ws/build/swarm_launch/install.log'
