[1.539s] Invoking command in '/home/tedee/swarm/ros2_ws/src/swarm_launch': PYTHONPATH=/home/tedee/swarm/ros2_ws/build/swarm_launch/prefix_override:/usr/lib/python3/dist-packages/colcon_core/task/python/colcon_distutils_commands:/home/tedee/swarm/ros2_ws/install/swarm_launch/lib/python3.10/site-packages:${PYTHONPATH} /usr/bin/python3 -W ignore:setup.py install is deprecated -W ignore:easy_install command is deprecated setup.py egg_info --egg-base ../../build/swarm_launch build --build-base /home/tedee/swarm/ros2_ws/build/swarm_launch/build install --record /home/tedee/swarm/ros2_ws/build/swarm_launch/install.log --single-version-externally-managed install_data
[1.756s] running egg_info
[1.757s] creating ../../build/swarm_launch/swarm_launch.egg-info
[1.758s] writing ../../build/swarm_launch/swarm_launch.egg-info/PKG-INFO
[1.758s] writing dependency_links to ../../build/swarm_launch/swarm_launch.egg-info/dependency_links.txt
[1.758s] writing entry points to ../../build/swarm_launch/swarm_launch.egg-info/entry_points.txt
[1.759s] writing requirements to ../../build/swarm_launch/swarm_launch.egg-info/requires.txt
[1.759s] writing top-level names to ../../build/swarm_launch/swarm_launch.egg-info/top_level.txt
[1.759s] writing manifest file '../../build/swarm_launch/swarm_launch.egg-info/SOURCES.txt'
[1.759s] reading manifest file '../../build/swarm_launch/swarm_launch.egg-info/SOURCES.txt'
[1.759s] writing manifest file '../../build/swarm_launch/swarm_launch.egg-info/SOURCES.txt'
[1.759s] running build
[1.759s] running build_py
[1.759s] creating /home/tedee/swarm/ros2_ws/build/swarm_launch/build
[1.759s] creating /home/tedee/swarm/ros2_ws/build/swarm_launch/build/lib
[1.759s] creating /home/tedee/swarm/ros2_ws/build/swarm_launch/build/lib/swarm_launch
[1.760s] copying swarm_launch/__init__.py -> /home/tedee/swarm/ros2_ws/build/swarm_launch/build/lib/swarm_launch
[1.760s] running install
[1.760s] running install_lib
[1.761s] creating /home/tedee/swarm/ros2_ws/install/swarm_launch/lib/python3.10/site-packages/swarm_launch
[1.761s] copying /home/tedee/swarm/ros2_ws/build/swarm_launch/build/lib/swarm_launch/__init__.py -> /home/tedee/swarm/ros2_ws/install/swarm_launch/lib/python3.10/site-packages/swarm_launch
[1.761s] byte-compiling /home/tedee/swarm/ros2_ws/install/swarm_launch/lib/python3.10/site-packages/swarm_launch/__init__.py to __init__.cpython-310.pyc
[1.762s] running install_data
[1.762s] creating /home/tedee/swarm/ros2_ws/install/swarm_launch/share/ament_index
[1.762s] creating /home/tedee/swarm/ros2_ws/install/swarm_launch/share/ament_index/resource_index
[1.762s] creating /home/tedee/swarm/ros2_ws/install/swarm_launch/share/ament_index/resource_index/packages
[1.762s] copying resource/swarm_launch -> /home/tedee/swarm/ros2_ws/install/swarm_launch/share/ament_index/resource_index/packages
[1.762s] copying package.xml -> /home/tedee/swarm/ros2_ws/install/swarm_launch/share/swarm_launch
[1.762s] creating /home/tedee/swarm/ros2_ws/install/swarm_launch/share/swarm_launch/launch
[1.762s] copying launch/swarm_simulation.launch.py -> /home/tedee/swarm/ros2_ws/install/swarm_launch/share/swarm_launch/launch
[1.762s] running install_egg_info
[1.764s] Copying ../../build/swarm_launch/swarm_launch.egg-info to /home/tedee/swarm/ros2_ws/install/swarm_launch/lib/python3.10/site-packages/swarm_launch-0.0.0-py3.10.egg-info
[1.765s] running install_scripts
[1.780s] writing list of installed files to '/home/tedee/swarm/ros2_ws/build/swarm_launch/install.log'
[1.799s] Invoked command in '/home/tedee/swarm/ros2_ws/src/swarm_launch' returned '0': PYTHONPATH=/home/tedee/swarm/ros2_ws/build/swarm_launch/prefix_override:/usr/lib/python3/dist-packages/colcon_core/task/python/colcon_distutils_commands:/home/tedee/swarm/ros2_ws/install/swarm_launch/lib/python3.10/site-packages:${PYTHONPATH} /usr/bin/python3 -W ignore:setup.py install is deprecated -W ignore:easy_install command is deprecated setup.py egg_info --egg-base ../../build/swarm_launch build --build-base /home/tedee/swarm/ros2_ws/build/swarm_launch/build install --record /home/tedee/swarm/ros2_ws/build/swarm_launch/install.log --single-version-externally-managed install_data
