running egg_info
writing ../../build/path_planner/path_planner.egg-info/PKG-INFO
writing dependency_links to ../../build/path_planner/path_planner.egg-info/dependency_links.txt
writing entry points to ../../build/path_planner/path_planner.egg-info/entry_points.txt
writing requirements to ../../build/path_planner/path_planner.egg-info/requires.txt
writing top-level names to ../../build/path_planner/path_planner.egg-info/top_level.txt
reading manifest file '../../build/path_planner/path_planner.egg-info/SOURCES.txt'
writing manifest file '../../build/path_planner/path_planner.egg-info/SOURCES.txt'
running build
running build_py
copying path_planner/follower_local_planner.py -> /home/tedee/swarm/ros2_ws/build/path_planner/build/lib/path_planner
running install
running install_lib
copying /home/tedee/swarm/ros2_ws/build/path_planner/build/lib/path_planner/follower_local_planner.py -> /home/tedee/swarm/ros2_ws/install/path_planner/lib/python3.10/site-packages/path_planner
byte-compiling /home/tedee/swarm/ros2_ws/install/path_planner/lib/python3.10/site-packages/path_planner/follower_local_planner.py to follower_local_planner.cpython-310.pyc
running install_data
running install_egg_info
removing '/home/tedee/swarm/ros2_ws/install/path_planner/lib/python3.10/site-packages/path_planner-0.0.0-py3.10.egg-info' (and everything under it)
Copying ../../build/path_planner/path_planner.egg-info to /home/tedee/swarm/ros2_ws/install/path_planner/lib/python3.10/site-packages/path_planner-0.0.0-py3.10.egg-info
running install_scripts
Installing follower_local_planner script to /home/tedee/swarm/ros2_ws/install/path_planner/lib/path_planner
Installing path_planner_node script to /home/tedee/swarm/ros2_ws/install/path_planner/lib/path_planner
Installing pf_visualizer_node script to /home/tedee/swarm/ros2_ws/install/path_planner/lib/path_planner
writing list of installed files to '/home/tedee/swarm/ros2_ws/build/path_planner/install.log'
