[1.879s] Invoking command in '/home/tedee/swarm/ros2_ws/src/path_executor': PYTHONPATH=/home/tedee/swarm/ros2_ws/build/path_executor/prefix_override:/usr/lib/python3/dist-packages/colcon_core/task/python/colcon_distutils_commands:/home/tedee/swarm/ros2_ws/install/path_executor/lib/python3.10/site-packages:${PYTHONPATH} /usr/bin/python3 -W ignore:setup.py install is deprecated -W ignore:easy_install command is deprecated setup.py egg_info --egg-base ../../build/path_executor build --build-base /home/tedee/swarm/ros2_ws/build/path_executor/build install --record /home/tedee/swarm/ros2_ws/build/path_executor/install.log --single-version-externally-managed install_data
[2.054s] running egg_info
[2.055s] writing ../../build/path_executor/path_executor.egg-info/PKG-INFO
[2.056s] writing dependency_links to ../../build/path_executor/path_executor.egg-info/dependency_links.txt
[2.056s] writing entry points to ../../build/path_executor/path_executor.egg-info/entry_points.txt
[2.056s] writing requirements to ../../build/path_executor/path_executor.egg-info/requires.txt
[2.056s] writing top-level names to ../../build/path_executor/path_executor.egg-info/top_level.txt
[2.060s] reading manifest file '../../build/path_executor/path_executor.egg-info/SOURCES.txt'
[2.061s] writing manifest file '../../build/path_executor/path_executor.egg-info/SOURCES.txt'
[2.061s] running build
[2.061s] running build_py
[2.063s] running install
[2.063s] running install_lib
[2.070s] running install_data
[2.071s] running install_egg_info
[2.072s] removing '/home/tedee/swarm/ros2_ws/install/path_executor/lib/python3.10/site-packages/path_executor-0.0.0-py3.10.egg-info' (and everything under it)
[2.073s] Copying ../../build/path_executor/path_executor.egg-info to /home/tedee/swarm/ros2_ws/install/path_executor/lib/python3.10/site-packages/path_executor-0.0.0-py3.10.egg-info
[2.074s] running install_scripts
[2.089s] Installing path_executor_node script to /home/tedee/swarm/ros2_ws/install/path_executor/lib/path_executor
[2.090s] writing list of installed files to '/home/tedee/swarm/ros2_ws/build/path_executor/install.log'
[2.128s] Invoked command in '/home/tedee/swarm/ros2_ws/src/path_executor' returned '0': PYTHONPATH=/home/tedee/swarm/ros2_ws/build/path_executor/prefix_override:/usr/lib/python3/dist-packages/colcon_core/task/python/colcon_distutils_commands:/home/tedee/swarm/ros2_ws/install/path_executor/lib/python3.10/site-packages:${PYTHONPATH} /usr/bin/python3 -W ignore:setup.py install is deprecated -W ignore:easy_install command is deprecated setup.py egg_info --egg-base ../../build/path_executor build --build-base /home/tedee/swarm/ros2_ws/build/path_executor/build install --record /home/tedee/swarm/ros2_ws/build/path_executor/install.log --single-version-externally-managed install_data
