[1.903s] Invoking command in '/home/tedee/swarm/ros2_ws/src/safety_zone': PYTHONPATH=/home/tedee/swarm/ros2_ws/build/safety_zone/prefix_override:/usr/lib/python3/dist-packages/colcon_core/task/python/colcon_distutils_commands:/home/tedee/swarm/ros2_ws/install/safety_zone/lib/python3.10/site-packages:${PYTHONPATH} /usr/bin/python3 -W ignore:setup.py install is deprecated -W ignore:easy_install command is deprecated setup.py egg_info --egg-base ../../build/safety_zone build --build-base /home/tedee/swarm/ros2_ws/build/safety_zone/build install --record /home/tedee/swarm/ros2_ws/build/safety_zone/install.log --single-version-externally-managed install_data
[2.096s] running egg_info
[2.096s] writing ../../build/safety_zone/safety_zone.egg-info/PKG-INFO
[2.097s] writing dependency_links to ../../build/safety_zone/safety_zone.egg-info/dependency_links.txt
[2.097s] writing entry points to ../../build/safety_zone/safety_zone.egg-info/entry_points.txt
[2.097s] writing requirements to ../../build/safety_zone/safety_zone.egg-info/requires.txt
[2.097s] writing top-level names to ../../build/safety_zone/safety_zone.egg-info/top_level.txt
[2.098s] reading manifest file '../../build/safety_zone/safety_zone.egg-info/SOURCES.txt'
[2.099s] writing manifest file '../../build/safety_zone/safety_zone.egg-info/SOURCES.txt'
[2.099s] running build
[2.099s] running build_py
[2.100s] running install
[2.101s] running install_lib
[2.102s] running install_data
[2.102s] running install_egg_info
[2.104s] removing '/home/tedee/swarm/ros2_ws/install/safety_zone/lib/python3.10/site-packages/safety_zone-0.0.0-py3.10.egg-info' (and everything under it)
[2.104s] Copying ../../build/safety_zone/safety_zone.egg-info to /home/tedee/swarm/ros2_ws/install/safety_zone/lib/python3.10/site-packages/safety_zone-0.0.0-py3.10.egg-info
[2.112s] running install_scripts
[2.128s] Installing safety_zone_node script to /home/tedee/swarm/ros2_ws/install/safety_zone/lib/safety_zone
[2.129s] writing list of installed files to '/home/tedee/swarm/ros2_ws/build/safety_zone/install.log'
[2.182s] Invoked command in '/home/tedee/swarm/ros2_ws/src/safety_zone' returned '0': PYTHONPATH=/home/tedee/swarm/ros2_ws/build/safety_zone/prefix_override:/usr/lib/python3/dist-packages/colcon_core/task/python/colcon_distutils_commands:/home/tedee/swarm/ros2_ws/install/safety_zone/lib/python3.10/site-packages:${PYTHONPATH} /usr/bin/python3 -W ignore:setup.py install is deprecated -W ignore:easy_install command is deprecated setup.py egg_info --egg-base ../../build/safety_zone build --build-base /home/tedee/swarm/ros2_ws/build/safety_zone/build install --record /home/tedee/swarm/ros2_ws/build/safety_zone/install.log --single-version-externally-managed install_data
