/home/tedee/swarm/ros2_ws/install/path_planner/lib/python3.10/site-packages/path_planner/__init__.py
/home/tedee/swarm/ros2_ws/install/path_planner/lib/python3.10/site-packages/path_planner/pf_visualizer_node.py
/home/tedee/swarm/ros2_ws/install/path_planner/lib/python3.10/site-packages/path_planner/path_planner_node.py
/home/tedee/swarm/ros2_ws/install/path_planner/lib/python3.10/site-packages/path_planner/follower_local_planner.py
/home/tedee/swarm/ros2_ws/install/path_planner/lib/python3.10/site-packages/path_planner/__pycache__/__init__.cpython-310.pyc
/home/tedee/swarm/ros2_ws/install/path_planner/lib/python3.10/site-packages/path_planner/__pycache__/pf_visualizer_node.cpython-310.pyc
/home/tedee/swarm/ros2_ws/install/path_planner/lib/python3.10/site-packages/path_planner/__pycache__/path_planner_node.cpython-310.pyc
/home/tedee/swarm/ros2_ws/install/path_planner/lib/python3.10/site-packages/path_planner/__pycache__/follower_local_planner.cpython-310.pyc
/home/tedee/swarm/ros2_ws/install/path_planner/share/ament_index/resource_index/packages/path_planner
/home/tedee/swarm/ros2_ws/install/path_planner/share/path_planner/package.xml
/home/tedee/swarm/ros2_ws/install/path_planner/share/path_planner/launch
/home/tedee/swarm/ros2_ws/install/path_planner/lib/python3.10/site-packages/path_planner-0.0.0-py3.10.egg-info/dependency_links.txt
/home/tedee/swarm/ros2_ws/install/path_planner/lib/python3.10/site-packages/path_planner-0.0.0-py3.10.egg-info/entry_points.txt
/home/tedee/swarm/ros2_ws/install/path_planner/lib/python3.10/site-packages/path_planner-0.0.0-py3.10.egg-info/zip-safe
/home/tedee/swarm/ros2_ws/install/path_planner/lib/python3.10/site-packages/path_planner-0.0.0-py3.10.egg-info/SOURCES.txt
/home/tedee/swarm/ros2_ws/install/path_planner/lib/python3.10/site-packages/path_planner-0.0.0-py3.10.egg-info/requires.txt
/home/tedee/swarm/ros2_ws/install/path_planner/lib/python3.10/site-packages/path_planner-0.0.0-py3.10.egg-info/top_level.txt
/home/tedee/swarm/ros2_ws/install/path_planner/lib/python3.10/site-packages/path_planner-0.0.0-py3.10.egg-info/PKG-INFO
/home/tedee/swarm/ros2_ws/install/path_planner/lib/path_planner/follower_local_planner
/home/tedee/swarm/ros2_ws/install/path_planner/lib/path_planner/path_planner_node
/home/tedee/swarm/ros2_ws/install/path_planner/lib/path_planner/pf_visualizer_node
