[1.527s] Invoking command in '/home/tedee/swarm/ros2_ws/src/safety_zone': PYTHONPATH=/home/tedee/swarm/ros2_ws/build/safety_zone/prefix_override:/usr/lib/python3/dist-packages/colcon_core/task/python/colcon_distutils_commands:/home/tedee/swarm/ros2_ws/install/safety_zone/lib/python3.10/site-packages:${PYTHONPATH} /usr/bin/python3 -W ignore:setup.py install is deprecated -W ignore:easy_install command is deprecated setup.py egg_info --egg-base ../../build/safety_zone build --build-base /home/tedee/swarm/ros2_ws/build/safety_zone/build install --record /home/tedee/swarm/ros2_ws/build/safety_zone/install.log --single-version-externally-managed install_data
[1.705s] running egg_info
[1.706s] writing ../../build/safety_zone/safety_zone.egg-info/PKG-INFO
[1.706s] writing dependency_links to ../../build/safety_zone/safety_zone.egg-info/dependency_links.txt
[1.706s] writing entry points to ../../build/safety_zone/safety_zone.egg-info/entry_points.txt
[1.706s] writing requirements to ../../build/safety_zone/safety_zone.egg-info/requires.txt
[1.706s] writing top-level names to ../../build/safety_zone/safety_zone.egg-info/top_level.txt
[1.707s] reading manifest file '../../build/safety_zone/safety_zone.egg-info/SOURCES.txt'
[1.707s] writing manifest file '../../build/safety_zone/safety_zone.egg-info/SOURCES.txt'
[1.708s] running build
[1.708s] running build_py
[1.708s] running install
[1.708s] running install_lib
[1.709s] running install_data
[1.709s] running install_egg_info
[1.710s] removing '/home/tedee/swarm/ros2_ws/install/safety_zone/lib/python3.10/site-packages/safety_zone-0.0.0-py3.10.egg-info' (and everything under it)
[1.710s] Copying ../../build/safety_zone/safety_zone.egg-info to /home/tedee/swarm/ros2_ws/install/safety_zone/lib/python3.10/site-packages/safety_zone-0.0.0-py3.10.egg-info
[1.711s] running install_scripts
[1.724s] Installing safety_zone_node script to /home/tedee/swarm/ros2_ws/install/safety_zone/lib/safety_zone
[1.724s] writing list of installed files to '/home/tedee/swarm/ros2_ws/build/safety_zone/install.log'
[1.769s] Invoked command in '/home/tedee/swarm/ros2_ws/src/safety_zone' returned '0': PYTHONPATH=/home/tedee/swarm/ros2_ws/build/safety_zone/prefix_override:/usr/lib/python3/dist-packages/colcon_core/task/python/colcon_distutils_commands:/home/tedee/swarm/ros2_ws/install/safety_zone/lib/python3.10/site-packages:${PYTHONPATH} /usr/bin/python3 -W ignore:setup.py install is deprecated -W ignore:easy_install command is deprecated setup.py egg_info --egg-base ../../build/safety_zone build --build-base /home/tedee/swarm/ros2_ws/build/safety_zone/build install --record /home/tedee/swarm/ros2_ws/build/safety_zone/install.log --single-version-externally-managed install_data
