[1.575s] Invoking command in '/home/tedee/swarm/ros2_ws/src/gui_pkg': PYTHONPATH=/home/tedee/swarm/ros2_ws/build/gui_pkg/prefix_override:/usr/lib/python3/dist-packages/colcon_core/task/python/colcon_distutils_commands:/home/tedee/swarm/ros2_ws/install/gui_pkg/lib/python3.10/site-packages:${PYTHONPATH} /usr/bin/python3 -W ignore:setup.py install is deprecated -W ignore:easy_install command is deprecated setup.py egg_info --egg-base ../../build/gui_pkg build --build-base /home/tedee/swarm/ros2_ws/build/gui_pkg/build install --record /home/tedee/swarm/ros2_ws/build/gui_pkg/install.log --single-version-externally-managed install_data
[1.766s] running egg_info
[1.767s] writing ../../build/gui_pkg/gui_pkg.egg-info/PKG-INFO
[1.767s] writing dependency_links to ../../build/gui_pkg/gui_pkg.egg-info/dependency_links.txt
[1.767s] writing entry points to ../../build/gui_pkg/gui_pkg.egg-info/entry_points.txt
[1.767s] writing requirements to ../../build/gui_pkg/gui_pkg.egg-info/requires.txt
[1.767s] writing top-level names to ../../build/gui_pkg/gui_pkg.egg-info/top_level.txt
[1.768s] reading manifest file '../../build/gui_pkg/gui_pkg.egg-info/SOURCES.txt'
[1.768s] writing manifest file '../../build/gui_pkg/gui_pkg.egg-info/SOURCES.txt'
[1.769s] running build
[1.769s] running build_py
[1.769s] running install
[1.769s] running install_lib
[1.770s] running install_data
[1.770s] running install_egg_info
[1.771s] removing '/home/tedee/swarm/ros2_ws/install/gui_pkg/lib/python3.10/site-packages/gui_pkg-0.0.0-py3.10.egg-info' (and everything under it)
[1.771s] Copying ../../build/gui_pkg/gui_pkg.egg-info to /home/tedee/swarm/ros2_ws/install/gui_pkg/lib/python3.10/site-packages/gui_pkg-0.0.0-py3.10.egg-info
[1.771s] running install_scripts
[1.786s] Installing bridge script to /home/tedee/swarm/ros2_ws/install/gui_pkg/lib/gui_pkg
[1.786s] Installing gui_pkg script to /home/tedee/swarm/ros2_ws/install/gui_pkg/lib/gui_pkg
[1.786s] writing list of installed files to '/home/tedee/swarm/ros2_ws/build/gui_pkg/install.log'
[1.814s] Invoked command in '/home/tedee/swarm/ros2_ws/src/gui_pkg' returned '0': PYTHONPATH=/home/tedee/swarm/ros2_ws/build/gui_pkg/prefix_override:/usr/lib/python3/dist-packages/colcon_core/task/python/colcon_distutils_commands:/home/tedee/swarm/ros2_ws/install/gui_pkg/lib/python3.10/site-packages:${PYTHONPATH} /usr/bin/python3 -W ignore:setup.py install is deprecated -W ignore:easy_install command is deprecated setup.py egg_info --egg-base ../../build/gui_pkg build --build-base /home/tedee/swarm/ros2_ws/build/gui_pkg/build install --record /home/tedee/swarm/ros2_ws/build/gui_pkg/install.log --single-version-externally-managed install_data
