running egg_info
creating ../../build/path_planner/path_planner.egg-info
writing ../../build/path_planner/path_planner.egg-info/PKG-INFO
writing dependency_links to ../../build/path_planner/path_planner.egg-info/dependency_links.txt
writing entry points to ../../build/path_planner/path_planner.egg-info/entry_points.txt
writing requirements to ../../build/path_planner/path_planner.egg-info/requires.txt
writing top-level names to ../../build/path_planner/path_planner.egg-info/top_level.txt
writing manifest file '../../build/path_planner/path_planner.egg-info/SOURCES.txt'
reading manifest file '../../build/path_planner/path_planner.egg-info/SOURCES.txt'
writing manifest file '../../build/path_planner/path_planner.egg-info/SOURCES.txt'
running build
running build_py
creating /home/tedee/swarm/ros2_ws/build/path_planner/build
creating /home/tedee/swarm/ros2_ws/build/path_planner/build/lib
creating /home/tedee/swarm/ros2_ws/build/path_planner/build/lib/path_planner
copying path_planner/__init__.py -> /home/tedee/swarm/ros2_ws/build/path_planner/build/lib/path_planner
copying path_planner/pf_visualizer_node.py -> /home/tedee/swarm/ros2_ws/build/path_planner/build/lib/path_planner
copying path_planner/path_planner_node.py -> /home/tedee/swarm/ros2_ws/build/path_planner/build/lib/path_planner
copying path_planner/follower_local_planner.py -> /home/tedee/swarm/ros2_ws/build/path_planner/build/lib/path_planner
running install
running install_lib
creating /home/tedee/swarm/ros2_ws/install/path_planner/lib/python3.10/site-packages/path_planner
copying /home/tedee/swarm/ros2_ws/build/path_planner/build/lib/path_planner/__init__.py -> /home/tedee/swarm/ros2_ws/install/path_planner/lib/python3.10/site-packages/path_planner
copying /home/tedee/swarm/ros2_ws/build/path_planner/build/lib/path_planner/pf_visualizer_node.py -> /home/tedee/swarm/ros2_ws/install/path_planner/lib/python3.10/site-packages/path_planner
copying /home/tedee/swarm/ros2_ws/build/path_planner/build/lib/path_planner/path_planner_node.py -> /home/tedee/swarm/ros2_ws/install/path_planner/lib/python3.10/site-packages/path_planner
copying /home/tedee/swarm/ros2_ws/build/path_planner/build/lib/path_planner/follower_local_planner.py -> /home/tedee/swarm/ros2_ws/install/path_planner/lib/python3.10/site-packages/path_planner
byte-compiling /home/tedee/swarm/ros2_ws/install/path_planner/lib/python3.10/site-packages/path_planner/__init__.py to __init__.cpython-310.pyc
byte-compiling /home/tedee/swarm/ros2_ws/install/path_planner/lib/python3.10/site-packages/path_planner/pf_visualizer_node.py to pf_visualizer_node.cpython-310.pyc
byte-compiling /home/tedee/swarm/ros2_ws/install/path_planner/lib/python3.10/site-packages/path_planner/path_planner_node.py to path_planner_node.cpython-310.pyc
byte-compiling /home/tedee/swarm/ros2_ws/install/path_planner/lib/python3.10/site-packages/path_planner/follower_local_planner.py to follower_local_planner.cpython-310.pyc
running install_data
creating /home/tedee/swarm/ros2_ws/install/path_planner/share/ament_index
creating /home/tedee/swarm/ros2_ws/install/path_planner/share/ament_index/resource_index
creating /home/tedee/swarm/ros2_ws/install/path_planner/share/ament_index/resource_index/packages
copying resource/path_planner -> /home/tedee/swarm/ros2_ws/install/path_planner/share/ament_index/resource_index/packages
copying package.xml -> /home/tedee/swarm/ros2_ws/install/path_planner/share/path_planner
creating /home/tedee/swarm/ros2_ws/install/path_planner/share/path_planner/launch
running install_egg_info
Copying ../../build/path_planner/path_planner.egg-info to /home/tedee/swarm/ros2_ws/install/path_planner/lib/python3.10/site-packages/path_planner-0.0.0-py3.10.egg-info
running install_scripts
Installing follower_local_planner script to /home/tedee/swarm/ros2_ws/install/path_planner/lib/path_planner
Installing path_planner_node script to /home/tedee/swarm/ros2_ws/install/path_planner/lib/path_planner
Installing pf_visualizer_node script to /home/tedee/swarm/ros2_ws/install/path_planner/lib/path_planner
writing list of installed files to '/home/tedee/swarm/ros2_ws/build/path_planner/install.log'
