[1.537s] Invoking command in '/home/tedee/swarm/ros2_ws/src/role_manager': PYTHONPATH=/home/tedee/swarm/ros2_ws/build/role_manager/prefix_override:/usr/lib/python3/dist-packages/colcon_core/task/python/colcon_distutils_commands:/home/tedee/swarm/ros2_ws/install/role_manager/lib/python3.10/site-packages:${PYTHONPATH} /usr/bin/python3 -W ignore:setup.py install is deprecated -W ignore:easy_install command is deprecated setup.py egg_info --egg-base ../../build/role_manager build --build-base /home/tedee/swarm/ros2_ws/build/role_manager/build install --record /home/tedee/swarm/ros2_ws/build/role_manager/install.log --single-version-externally-managed install_data
[1.711s] running egg_info
[1.711s] creating ../../build/role_manager/role_manager.egg-info
[1.711s] writing ../../build/role_manager/role_manager.egg-info/PKG-INFO
[1.711s] writing dependency_links to ../../build/role_manager/role_manager.egg-info/dependency_links.txt
[1.712s] writing entry points to ../../build/role_manager/role_manager.egg-info/entry_points.txt
[1.712s] writing requirements to ../../build/role_manager/role_manager.egg-info/requires.txt
[1.712s] writing top-level names to ../../build/role_manager/role_manager.egg-info/top_level.txt
[1.712s] writing manifest file '../../build/role_manager/role_manager.egg-info/SOURCES.txt'
[1.713s] reading manifest file '../../build/role_manager/role_manager.egg-info/SOURCES.txt'
[1.714s] writing manifest file '../../build/role_manager/role_manager.egg-info/SOURCES.txt'
[1.714s] running build
[1.714s] running build_py
[1.714s] creating /home/tedee/swarm/ros2_ws/build/role_manager/build
[1.714s] creating /home/tedee/swarm/ros2_ws/build/role_manager/build/lib
[1.714s] creating /home/tedee/swarm/ros2_ws/build/role_manager/build/lib/role_manager
[1.715s] copying role_manager/role_manager_node.py -> /home/tedee/swarm/ros2_ws/build/role_manager/build/lib/role_manager
[1.716s] copying role_manager/__init__.py -> /home/tedee/swarm/ros2_ws/build/role_manager/build/lib/role_manager
[1.716s] running install
[1.716s] running install_lib
[1.717s] creating /home/tedee/swarm/ros2_ws/install/role_manager/lib/python3.10/site-packages/role_manager
[1.717s] copying /home/tedee/swarm/ros2_ws/build/role_manager/build/lib/role_manager/role_manager_node.py -> /home/tedee/swarm/ros2_ws/install/role_manager/lib/python3.10/site-packages/role_manager
[1.717s] copying /home/tedee/swarm/ros2_ws/build/role_manager/build/lib/role_manager/__init__.py -> /home/tedee/swarm/ros2_ws/install/role_manager/lib/python3.10/site-packages/role_manager
[1.718s] byte-compiling /home/tedee/swarm/ros2_ws/install/role_manager/lib/python3.10/site-packages/role_manager/role_manager_node.py to role_manager_node.cpython-310.pyc
[1.720s] byte-compiling /home/tedee/swarm/ros2_ws/install/role_manager/lib/python3.10/site-packages/role_manager/__init__.py to __init__.cpython-310.pyc
[1.720s] running install_data
[1.720s] creating /home/tedee/swarm/ros2_ws/install/role_manager/share/ament_index
[1.720s] creating /home/tedee/swarm/ros2_ws/install/role_manager/share/ament_index/resource_index
[1.720s] creating /home/tedee/swarm/ros2_ws/install/role_manager/share/ament_index/resource_index/packages
[1.720s] copying resource/role_manager -> /home/tedee/swarm/ros2_ws/install/role_manager/share/ament_index/resource_index/packages
[1.721s] copying package.xml -> /home/tedee/swarm/ros2_ws/install/role_manager/share/role_manager
[1.721s] running install_egg_info
[1.723s] Copying ../../build/role_manager/role_manager.egg-info to /home/tedee/swarm/ros2_ws/install/role_manager/lib/python3.10/site-packages/role_manager-0.0.0-py3.10.egg-info
[1.723s] running install_scripts
[1.732s] Installing role_manager_node script to /home/tedee/swarm/ros2_ws/install/role_manager/lib/role_manager
[1.732s] writing list of installed files to '/home/tedee/swarm/ros2_ws/build/role_manager/install.log'
[1.764s] Invoked command in '/home/tedee/swarm/ros2_ws/src/role_manager' returned '0': PYTHONPATH=/home/tedee/swarm/ros2_ws/build/role_manager/prefix_override:/usr/lib/python3/dist-packages/colcon_core/task/python/colcon_distutils_commands:/home/tedee/swarm/ros2_ws/install/role_manager/lib/python3.10/site-packages:${PYTHONPATH} /usr/bin/python3 -W ignore:setup.py install is deprecated -W ignore:easy_install command is deprecated setup.py egg_info --egg-base ../../build/role_manager build --build-base /home/tedee/swarm/ros2_ws/build/role_manager/build install --record /home/tedee/swarm/ros2_ws/build/role_manager/install.log --single-version-externally-managed install_data
