[2.183s] Invoking command in '/home/tedee/swarm/ros2_ws/src/role_manager': PYTHONPATH=/home/tedee/swarm/ros2_ws/build/role_manager/prefix_override:/usr/lib/python3/dist-packages/colcon_core/task/python/colcon_distutils_commands:/home/tedee/swarm/ros2_ws/install/role_manager/lib/python3.10/site-packages:${PYTHONPATH} /usr/bin/python3 -W ignore:setup.py install is deprecated -W ignore:easy_install command is deprecated setup.py egg_info --egg-base ../../build/role_manager build --build-base /home/tedee/swarm/ros2_ws/build/role_manager/build install --record /home/tedee/swarm/ros2_ws/build/role_manager/install.log --single-version-externally-managed install_data
[2.481s] running egg_info
[2.481s] writing ../../build/role_manager/role_manager.egg-info/PKG-INFO
[2.481s] writing dependency_links to ../../build/role_manager/role_manager.egg-info/dependency_links.txt
[2.481s] writing entry points to ../../build/role_manager/role_manager.egg-info/entry_points.txt
[2.481s] writing requirements to ../../build/role_manager/role_manager.egg-info/requires.txt
[2.481s] writing top-level names to ../../build/role_manager/role_manager.egg-info/top_level.txt
[2.483s] reading manifest file '../../build/role_manager/role_manager.egg-info/SOURCES.txt'
[2.483s] writing manifest file '../../build/role_manager/role_manager.egg-info/SOURCES.txt'
[2.484s] running build
[2.484s] running build_py
[2.484s] running install
[2.484s] running install_lib
[2.485s] running install_data
[2.485s] running install_egg_info
[2.487s] removing '/home/tedee/swarm/ros2_ws/install/role_manager/lib/python3.10/site-packages/role_manager-0.0.0-py3.10.egg-info' (and everything under it)
[2.487s] Copying ../../build/role_manager/role_manager.egg-info to /home/tedee/swarm/ros2_ws/install/role_manager/lib/python3.10/site-packages/role_manager-0.0.0-py3.10.egg-info
[2.487s] running install_scripts
[2.504s] Installing role_manager_node script to /home/tedee/swarm/ros2_ws/install/role_manager/lib/role_manager
[2.504s] writing list of installed files to '/home/tedee/swarm/ros2_ws/build/role_manager/install.log'
[2.549s] Invoked command in '/home/tedee/swarm/ros2_ws/src/role_manager' returned '0': PYTHONPATH=/home/tedee/swarm/ros2_ws/build/role_manager/prefix_override:/usr/lib/python3/dist-packages/colcon_core/task/python/colcon_distutils_commands:/home/tedee/swarm/ros2_ws/install/role_manager/lib/python3.10/site-packages:${PYTHONPATH} /usr/bin/python3 -W ignore:setup.py install is deprecated -W ignore:easy_install command is deprecated setup.py egg_info --egg-base ../../build/role_manager build --build-base /home/tedee/swarm/ros2_ws/build/role_manager/build install --record /home/tedee/swarm/ros2_ws/build/role_manager/install.log --single-version-externally-managed install_data
