[2.161s] Invoking command in '/home/tedee/swarm/ros2_ws/src/safety_zone': PYTHONPATH=/home/tedee/swarm/ros2_ws/build/safety_zone/prefix_override:/usr/lib/python3/dist-packages/colcon_core/task/python/colcon_distutils_commands:/home/tedee/swarm/ros2_ws/install/safety_zone/lib/python3.10/site-packages:${PYTHONPATH} /usr/bin/python3 -W ignore:setup.py install is deprecated -W ignore:easy_install command is deprecated setup.py egg_info --egg-base ../../build/safety_zone build --build-base /home/tedee/swarm/ros2_ws/build/safety_zone/build install --record /home/tedee/swarm/ros2_ws/build/safety_zone/install.log --single-version-externally-managed install_data
[2.400s] running egg_info
[2.401s] writing ../../build/safety_zone/safety_zone.egg-info/PKG-INFO
[2.401s] writing dependency_links to ../../build/safety_zone/safety_zone.egg-info/dependency_links.txt
[2.401s] writing entry points to ../../build/safety_zone/safety_zone.egg-info/entry_points.txt
[2.401s] writing requirements to ../../build/safety_zone/safety_zone.egg-info/requires.txt
[2.401s] writing top-level names to ../../build/safety_zone/safety_zone.egg-info/top_level.txt
[2.404s] reading manifest file '../../build/safety_zone/safety_zone.egg-info/SOURCES.txt'
[2.405s] writing manifest file '../../build/safety_zone/safety_zone.egg-info/SOURCES.txt'
[2.405s] running build
[2.405s] running build_py
[2.405s] running install
[2.405s] running install_lib
[2.407s] running install_data
[2.407s] running install_egg_info
[2.409s] removing '/home/tedee/swarm/ros2_ws/install/safety_zone/lib/python3.10/site-packages/safety_zone-0.0.0-py3.10.egg-info' (and everything under it)
[2.409s] Copying ../../build/safety_zone/safety_zone.egg-info to /home/tedee/swarm/ros2_ws/install/safety_zone/lib/python3.10/site-packages/safety_zone-0.0.0-py3.10.egg-info
[2.409s] running install_scripts
[2.431s] Installing safety_zone_node script to /home/tedee/swarm/ros2_ws/install/safety_zone/lib/safety_zone
[2.432s] writing list of installed files to '/home/tedee/swarm/ros2_ws/build/safety_zone/install.log'
[2.463s] Invoked command in '/home/tedee/swarm/ros2_ws/src/safety_zone' returned '0': PYTHONPATH=/home/tedee/swarm/ros2_ws/build/safety_zone/prefix_override:/usr/lib/python3/dist-packages/colcon_core/task/python/colcon_distutils_commands:/home/tedee/swarm/ros2_ws/install/safety_zone/lib/python3.10/site-packages:${PYTHONPATH} /usr/bin/python3 -W ignore:setup.py install is deprecated -W ignore:easy_install command is deprecated setup.py egg_info --egg-base ../../build/safety_zone build --build-base /home/tedee/swarm/ros2_ws/build/safety_zone/build install --record /home/tedee/swarm/ros2_ws/build/safety_zone/install.log --single-version-externally-managed install_data
