[1.477s] Invoking command in '/home/tedee/swarm/ros2_ws/src/vision_node': PYTHONPATH=/home/tedee/swarm/ros2_ws/build/vision_node/prefix_override:/usr/lib/python3/dist-packages/colcon_core/task/python/colcon_distutils_commands:/home/tedee/swarm/ros2_ws/install/vision_node/lib/python3.10/site-packages:${PYTHONPATH} /usr/bin/python3 -W ignore:setup.py install is deprecated -W ignore:easy_install command is deprecated setup.py egg_info --egg-base ../../build/vision_node build --build-base /home/tedee/swarm/ros2_ws/build/vision_node/build install --record /home/tedee/swarm/ros2_ws/build/vision_node/install.log --single-version-externally-managed install_data
[1.648s] running egg_info
[1.649s] writing ../../build/vision_node/vision_node.egg-info/PKG-INFO
[1.649s] writing dependency_links to ../../build/vision_node/vision_node.egg-info/dependency_links.txt
[1.649s] writing entry points to ../../build/vision_node/vision_node.egg-info/entry_points.txt
[1.649s] writing requirements to ../../build/vision_node/vision_node.egg-info/requires.txt
[1.649s] writing top-level names to ../../build/vision_node/vision_node.egg-info/top_level.txt
[1.650s] reading manifest file '../../build/vision_node/vision_node.egg-info/SOURCES.txt'
[1.651s] writing manifest file '../../build/vision_node/vision_node.egg-info/SOURCES.txt'
[1.651s] running build
[1.651s] running build_py
[1.651s] running install
[1.651s] running install_lib
[1.652s] running install_data
[1.652s] running install_egg_info
[1.653s] removing '/home/tedee/swarm/ros2_ws/install/vision_node/lib/python3.10/site-packages/vision_node-0.0.0-py3.10.egg-info' (and everything under it)
[1.653s] Copying ../../build/vision_node/vision_node.egg-info to /home/tedee/swarm/ros2_ws/install/vision_node/lib/python3.10/site-packages/vision_node-0.0.0-py3.10.egg-info
[1.654s] running install_scripts
[1.667s] Installing vision_node script to /home/tedee/swarm/ros2_ws/install/vision_node/lib/vision_node
[1.668s] writing list of installed files to '/home/tedee/swarm/ros2_ws/build/vision_node/install.log'
[1.709s] Invoked command in '/home/tedee/swarm/ros2_ws/src/vision_node' returned '0': PYTHONPATH=/home/tedee/swarm/ros2_ws/build/vision_node/prefix_override:/usr/lib/python3/dist-packages/colcon_core/task/python/colcon_distutils_commands:/home/tedee/swarm/ros2_ws/install/vision_node/lib/python3.10/site-packages:${PYTHONPATH} /usr/bin/python3 -W ignore:setup.py install is deprecated -W ignore:easy_install command is deprecated setup.py egg_info --egg-base ../../build/vision_node build --build-base /home/tedee/swarm/ros2_ws/build/vision_node/build install --record /home/tedee/swarm/ros2_ws/build/vision_node/install.log --single-version-externally-managed install_data
