[1.633s] Invoking command in '/home/tedee/swarm/ros2_ws/src/safety_zone': PYTHONPATH=/home/tedee/swarm/ros2_ws/build/safety_zone/prefix_override:/usr/lib/python3/dist-packages/colcon_core/task/python/colcon_distutils_commands:/home/tedee/swarm/ros2_ws/install/safety_zone/lib/python3.10/site-packages:${PYTHONPATH} /usr/bin/python3 -W ignore:setup.py install is deprecated -W ignore:easy_install command is deprecated setup.py egg_info --egg-base ../../build/safety_zone build --build-base /home/tedee/swarm/ros2_ws/build/safety_zone/build install --record /home/tedee/swarm/ros2_ws/build/safety_zone/install.log --single-version-externally-managed install_data
[2.006s] running egg_info
[2.007s] writing ../../build/safety_zone/safety_zone.egg-info/PKG-INFO
[2.007s] writing dependency_links to ../../build/safety_zone/safety_zone.egg-info/dependency_links.txt
[2.007s] writing entry points to ../../build/safety_zone/safety_zone.egg-info/entry_points.txt
[2.007s] writing requirements to ../../build/safety_zone/safety_zone.egg-info/requires.txt
[2.007s] writing top-level names to ../../build/safety_zone/safety_zone.egg-info/top_level.txt
[2.008s] reading manifest file '../../build/safety_zone/safety_zone.egg-info/SOURCES.txt'
[2.008s] writing manifest file '../../build/safety_zone/safety_zone.egg-info/SOURCES.txt'
[2.009s] running build
[2.009s] running build_py
[2.009s] copying safety_zone/safety_zone_node.py -> /home/tedee/swarm/ros2_ws/build/safety_zone/build/lib/safety_zone
[2.009s] running install
[2.009s] running install_lib
[2.009s] copying /home/tedee/swarm/ros2_ws/build/safety_zone/build/lib/safety_zone/safety_zone_node.py -> /home/tedee/swarm/ros2_ws/install/safety_zone/lib/python3.10/site-packages/safety_zone
[2.010s] byte-compiling /home/tedee/swarm/ros2_ws/install/safety_zone/lib/python3.10/site-packages/safety_zone/safety_zone_node.py to safety_zone_node.cpython-310.pyc
[2.014s] running install_data
[2.014s] running install_egg_info
[2.015s] removing '/home/tedee/swarm/ros2_ws/install/safety_zone/lib/python3.10/site-packages/safety_zone-0.0.0-py3.10.egg-info' (and everything under it)
[2.015s] Copying ../../build/safety_zone/safety_zone.egg-info to /home/tedee/swarm/ros2_ws/install/safety_zone/lib/python3.10/site-packages/safety_zone-0.0.0-py3.10.egg-info
[2.015s] running install_scripts
[2.028s] Installing safety_zone_node script to /home/tedee/swarm/ros2_ws/install/safety_zone/lib/safety_zone
[2.028s] writing list of installed files to '/home/tedee/swarm/ros2_ws/build/safety_zone/install.log'
[2.043s] Invoked command in '/home/tedee/swarm/ros2_ws/src/safety_zone' returned '0': PYTHONPATH=/home/tedee/swarm/ros2_ws/build/safety_zone/prefix_override:/usr/lib/python3/dist-packages/colcon_core/task/python/colcon_distutils_commands:/home/tedee/swarm/ros2_ws/install/safety_zone/lib/python3.10/site-packages:${PYTHONPATH} /usr/bin/python3 -W ignore:setup.py install is deprecated -W ignore:easy_install command is deprecated setup.py egg_info --egg-base ../../build/safety_zone build --build-base /home/tedee/swarm/ros2_ws/build/safety_zone/build install --record /home/tedee/swarm/ros2_ws/build/safety_zone/install.log --single-version-externally-managed install_data
