[1.449s] Invoking command in '/home/tedee/swarm/ros2_ws/src/safety_zone': PYTHONPATH=/home/tedee/swarm/ros2_ws/build/safety_zone/prefix_override:/usr/lib/python3/dist-packages/colcon_core/task/python/colcon_distutils_commands:/home/tedee/swarm/ros2_ws/install/safety_zone/lib/python3.10/site-packages:${PYTHONPATH} /usr/bin/python3 -W ignore:setup.py install is deprecated -W ignore:easy_install command is deprecated setup.py egg_info --egg-base ../../build/safety_zone build --build-base /home/tedee/swarm/ros2_ws/build/safety_zone/build install --record /home/tedee/swarm/ros2_ws/build/safety_zone/install.log --single-version-externally-managed install_data
[1.612s] running egg_info
[1.612s] writing ../../build/safety_zone/safety_zone.egg-info/PKG-INFO
[1.612s] writing dependency_links to ../../build/safety_zone/safety_zone.egg-info/dependency_links.txt
[1.612s] writing entry points to ../../build/safety_zone/safety_zone.egg-info/entry_points.txt
[1.613s] writing requirements to ../../build/safety_zone/safety_zone.egg-info/requires.txt
[1.613s] writing top-level names to ../../build/safety_zone/safety_zone.egg-info/top_level.txt
[1.613s] reading manifest file '../../build/safety_zone/safety_zone.egg-info/SOURCES.txt'
[1.614s] writing manifest file '../../build/safety_zone/safety_zone.egg-info/SOURCES.txt'
[1.614s] running build
[1.614s] running build_py
[1.614s] copying safety_zone/safety_zone_node.py -> /home/tedee/swarm/ros2_ws/build/safety_zone/build/lib/safety_zone
[1.614s] running install
[1.615s] running install_lib
[1.615s] copying /home/tedee/swarm/ros2_ws/build/safety_zone/build/lib/safety_zone/safety_zone_node.py -> /home/tedee/swarm/ros2_ws/install/safety_zone/lib/python3.10/site-packages/safety_zone
[1.615s] byte-compiling /home/tedee/swarm/ros2_ws/install/safety_zone/lib/python3.10/site-packages/safety_zone/safety_zone_node.py to safety_zone_node.cpython-310.pyc
[1.619s] running install_data
[1.620s] running install_egg_info
[1.621s] removing '/home/tedee/swarm/ros2_ws/install/safety_zone/lib/python3.10/site-packages/safety_zone-0.0.0-py3.10.egg-info' (and everything under it)
[1.621s] Copying ../../build/safety_zone/safety_zone.egg-info to /home/tedee/swarm/ros2_ws/install/safety_zone/lib/python3.10/site-packages/safety_zone-0.0.0-py3.10.egg-info
[1.621s] running install_scripts
[1.634s] Installing safety_zone_node script to /home/tedee/swarm/ros2_ws/install/safety_zone/lib/safety_zone
[1.634s] writing list of installed files to '/home/tedee/swarm/ros2_ws/build/safety_zone/install.log'
[1.663s] Invoked command in '/home/tedee/swarm/ros2_ws/src/safety_zone' returned '0': PYTHONPATH=/home/tedee/swarm/ros2_ws/build/safety_zone/prefix_override:/usr/lib/python3/dist-packages/colcon_core/task/python/colcon_distutils_commands:/home/tedee/swarm/ros2_ws/install/safety_zone/lib/python3.10/site-packages:${PYTHONPATH} /usr/bin/python3 -W ignore:setup.py install is deprecated -W ignore:easy_install command is deprecated setup.py egg_info --egg-base ../../build/safety_zone build --build-base /home/tedee/swarm/ros2_ws/build/safety_zone/build install --record /home/tedee/swarm/ros2_ws/build/safety_zone/install.log --single-version-externally-managed install_data
