running egg_info
creating ../../build/gui_pkg/gui_pkg.egg-info
writing ../../build/gui_pkg/gui_pkg.egg-info/PKG-INFO
writing dependency_links to ../../build/gui_pkg/gui_pkg.egg-info/dependency_links.txt
writing entry points to ../../build/gui_pkg/gui_pkg.egg-info/entry_points.txt
writing requirements to ../../build/gui_pkg/gui_pkg.egg-info/requires.txt
writing top-level names to ../../build/gui_pkg/gui_pkg.egg-info/top_level.txt
writing manifest file '../../build/gui_pkg/gui_pkg.egg-info/SOURCES.txt'
reading manifest file '../../build/gui_pkg/gui_pkg.egg-info/SOURCES.txt'
writing manifest file '../../build/gui_pkg/gui_pkg.egg-info/SOURCES.txt'
running build
running build_py
creating /home/tedee/swarm/ros2_ws/build/gui_pkg/build
creating /home/tedee/swarm/ros2_ws/build/gui_pkg/build/lib
creating /home/tedee/swarm/ros2_ws/build/gui_pkg/build/lib/gui_pkg
copying gui_pkg/__init__.py -> /home/tedee/swarm/ros2_ws/build/gui_pkg/build/lib/gui_pkg
copying gui_pkg/bridge.py -> /home/tedee/swarm/ros2_ws/build/gui_pkg/build/lib/gui_pkg
copying gui_pkg/gui.py -> /home/tedee/swarm/ros2_ws/build/gui_pkg/build/lib/gui_pkg
running install
running install_lib
creating /home/tedee/swarm/ros2_ws/install/gui_pkg/lib/python3.10/site-packages/gui_pkg
copying /home/tedee/swarm/ros2_ws/build/gui_pkg/build/lib/gui_pkg/__init__.py -> /home/tedee/swarm/ros2_ws/install/gui_pkg/lib/python3.10/site-packages/gui_pkg
copying /home/tedee/swarm/ros2_ws/build/gui_pkg/build/lib/gui_pkg/bridge.py -> /home/tedee/swarm/ros2_ws/install/gui_pkg/lib/python3.10/site-packages/gui_pkg
copying /home/tedee/swarm/ros2_ws/build/gui_pkg/build/lib/gui_pkg/gui.py -> /home/tedee/swarm/ros2_ws/install/gui_pkg/lib/python3.10/site-packages/gui_pkg
byte-compiling /home/tedee/swarm/ros2_ws/install/gui_pkg/lib/python3.10/site-packages/gui_pkg/__init__.py to __init__.cpython-310.pyc
byte-compiling /home/tedee/swarm/ros2_ws/install/gui_pkg/lib/python3.10/site-packages/gui_pkg/bridge.py to bridge.cpython-310.pyc
byte-compiling /home/tedee/swarm/ros2_ws/install/gui_pkg/lib/python3.10/site-packages/gui_pkg/gui.py to gui.cpython-310.pyc
running install_data
creating /home/tedee/swarm/ros2_ws/install/gui_pkg/share/ament_index
creating /home/tedee/swarm/ros2_ws/install/gui_pkg/share/ament_index/resource_index
creating /home/tedee/swarm/ros2_ws/install/gui_pkg/share/ament_index/resource_index/packages
copying resource/gui_pkg -> /home/tedee/swarm/ros2_ws/install/gui_pkg/share/ament_index/resource_index/packages
copying package.xml -> /home/tedee/swarm/ros2_ws/install/gui_pkg/share/gui_pkg
running install_egg_info
Copying ../../build/gui_pkg/gui_pkg.egg-info to /home/tedee/swarm/ros2_ws/install/gui_pkg/lib/python3.10/site-packages/gui_pkg-0.0.0-py3.10.egg-info
running install_scripts
Installing bridge script to /home/tedee/swarm/ros2_ws/install/gui_pkg/lib/gui_pkg
Installing gui_pkg script to /home/tedee/swarm/ros2_ws/install/gui_pkg/lib/gui_pkg
writing list of installed files to '/home/tedee/swarm/ros2_ws/build/gui_pkg/install.log'
