running egg_info
creating ../../build/safety_zone/safety_zone.egg-info
writing ../../build/safety_zone/safety_zone.egg-info/PKG-INFO
writing dependency_links to ../../build/safety_zone/safety_zone.egg-info/dependency_links.txt
writing entry points to ../../build/safety_zone/safety_zone.egg-info/entry_points.txt
writing requirements to ../../build/safety_zone/safety_zone.egg-info/requires.txt
writing top-level names to ../../build/safety_zone/safety_zone.egg-info/top_level.txt
writing manifest file '../../build/safety_zone/safety_zone.egg-info/SOURCES.txt'
reading manifest file '../../build/safety_zone/safety_zone.egg-info/SOURCES.txt'
writing manifest file '../../build/safety_zone/safety_zone.egg-info/SOURCES.txt'
running build
running build_py
creating /home/tedee/swarm/ros2_ws/build/safety_zone/build
creating /home/tedee/swarm/ros2_ws/build/safety_zone/build/lib
creating /home/tedee/swarm/ros2_ws/build/safety_zone/build/lib/safety_zone
copying safety_zone/__init__.py -> /home/tedee/swarm/ros2_ws/build/safety_zone/build/lib/safety_zone
copying safety_zone/safety_zone_node.py -> /home/tedee/swarm/ros2_ws/build/safety_zone/build/lib/safety_zone
running install
running install_lib
creating /home/tedee/swarm/ros2_ws/install/safety_zone/lib/python3.10/site-packages/safety_zone
copying /home/tedee/swarm/ros2_ws/build/safety_zone/build/lib/safety_zone/__init__.py -> /home/tedee/swarm/ros2_ws/install/safety_zone/lib/python3.10/site-packages/safety_zone
copying /home/tedee/swarm/ros2_ws/build/safety_zone/build/lib/safety_zone/safety_zone_node.py -> /home/tedee/swarm/ros2_ws/install/safety_zone/lib/python3.10/site-packages/safety_zone
byte-compiling /home/tedee/swarm/ros2_ws/install/safety_zone/lib/python3.10/site-packages/safety_zone/__init__.py to __init__.cpython-310.pyc
byte-compiling /home/tedee/swarm/ros2_ws/install/safety_zone/lib/python3.10/site-packages/safety_zone/safety_zone_node.py to safety_zone_node.cpython-310.pyc
running install_data
creating /home/tedee/swarm/ros2_ws/install/safety_zone/share/ament_index
creating /home/tedee/swarm/ros2_ws/install/safety_zone/share/ament_index/resource_index
creating /home/tedee/swarm/ros2_ws/install/safety_zone/share/ament_index/resource_index/packages
copying resource/safety_zone -> /home/tedee/swarm/ros2_ws/install/safety_zone/share/ament_index/resource_index/packages
copying package.xml -> /home/tedee/swarm/ros2_ws/install/safety_zone/share/safety_zone
running install_egg_info
Copying ../../build/safety_zone/safety_zone.egg-info to /home/tedee/swarm/ros2_ws/install/safety_zone/lib/python3.10/site-packages/safety_zone-0.0.0-py3.10.egg-info
running install_scripts
Installing safety_zone_node script to /home/tedee/swarm/ros2_ws/install/safety_zone/lib/safety_zone
writing list of installed files to '/home/tedee/swarm/ros2_ws/build/safety_zone/install.log'
