[1.859s] Invoking command in '/home/tedee/swarm/ros2_ws/src/role_manager': PYTHONPATH=/home/tedee/swarm/ros2_ws/build/role_manager/prefix_override:/usr/lib/python3/dist-packages/colcon_core/task/python/colcon_distutils_commands:/home/tedee/swarm/ros2_ws/install/role_manager/lib/python3.10/site-packages:${PYTHONPATH} /usr/bin/python3 -W ignore:setup.py install is deprecated -W ignore:easy_install command is deprecated setup.py egg_info --egg-base ../../build/role_manager build --build-base /home/tedee/swarm/ros2_ws/build/role_manager/build install --record /home/tedee/swarm/ros2_ws/build/role_manager/install.log --single-version-externally-managed install_data
[2.042s] running egg_info
[2.043s] writing ../../build/role_manager/role_manager.egg-info/PKG-INFO
[2.047s] writing dependency_links to ../../build/role_manager/role_manager.egg-info/dependency_links.txt
[2.047s] writing entry points to ../../build/role_manager/role_manager.egg-info/entry_points.txt
[2.048s] writing requirements to ../../build/role_manager/role_manager.egg-info/requires.txt
[2.048s] writing top-level names to ../../build/role_manager/role_manager.egg-info/top_level.txt
[2.049s] reading manifest file '../../build/role_manager/role_manager.egg-info/SOURCES.txt'
[2.049s] writing manifest file '../../build/role_manager/role_manager.egg-info/SOURCES.txt'
[2.049s] running build
[2.050s] running build_py
[2.050s] running install
[2.051s] running install_lib
[2.052s] running install_data
[2.053s] running install_egg_info
[2.055s] removing '/home/tedee/swarm/ros2_ws/install/role_manager/lib/python3.10/site-packages/role_manager-0.0.0-py3.10.egg-info' (and everything under it)
[2.056s] Copying ../../build/role_manager/role_manager.egg-info to /home/tedee/swarm/ros2_ws/install/role_manager/lib/python3.10/site-packages/role_manager-0.0.0-py3.10.egg-info
[2.057s] running install_scripts
[2.075s] Installing role_manager_node script to /home/tedee/swarm/ros2_ws/install/role_manager/lib/role_manager
[2.076s] writing list of installed files to '/home/tedee/swarm/ros2_ws/build/role_manager/install.log'
[2.115s] Invoked command in '/home/tedee/swarm/ros2_ws/src/role_manager' returned '0': PYTHONPATH=/home/tedee/swarm/ros2_ws/build/role_manager/prefix_override:/usr/lib/python3/dist-packages/colcon_core/task/python/colcon_distutils_commands:/home/tedee/swarm/ros2_ws/install/role_manager/lib/python3.10/site-packages:${PYTHONPATH} /usr/bin/python3 -W ignore:setup.py install is deprecated -W ignore:easy_install command is deprecated setup.py egg_info --egg-base ../../build/role_manager build --build-base /home/tedee/swarm/ros2_ws/build/role_manager/build install --record /home/tedee/swarm/ros2_ws/build/role_manager/install.log --single-version-externally-managed install_data
