[1.521s] Invoking command in '/home/tedee/swarm/ros2_ws/src/gui_pkg': PYTHONPATH=/home/tedee/swarm/ros2_ws/build/gui_pkg/prefix_override:/usr/lib/python3/dist-packages/colcon_core/task/python/colcon_distutils_commands:/home/tedee/swarm/ros2_ws/install/gui_pkg/lib/python3.10/site-packages:${PYTHONPATH} /usr/bin/python3 -W ignore:setup.py install is deprecated -W ignore:easy_install command is deprecated setup.py egg_info --egg-base ../../build/gui_pkg build --build-base /home/tedee/swarm/ros2_ws/build/gui_pkg/build install --record /home/tedee/swarm/ros2_ws/build/gui_pkg/install.log --single-version-externally-managed install_data
[1.701s] running egg_info
[1.701s] creating ../../build/gui_pkg/gui_pkg.egg-info
[1.701s] writing ../../build/gui_pkg/gui_pkg.egg-info/PKG-INFO
[1.702s] writing dependency_links to ../../build/gui_pkg/gui_pkg.egg-info/dependency_links.txt
[1.702s] writing entry points to ../../build/gui_pkg/gui_pkg.egg-info/entry_points.txt
[1.702s] writing requirements to ../../build/gui_pkg/gui_pkg.egg-info/requires.txt
[1.702s] writing top-level names to ../../build/gui_pkg/gui_pkg.egg-info/top_level.txt
[1.703s] writing manifest file '../../build/gui_pkg/gui_pkg.egg-info/SOURCES.txt'
[1.703s] reading manifest file '../../build/gui_pkg/gui_pkg.egg-info/SOURCES.txt'
[1.703s] writing manifest file '../../build/gui_pkg/gui_pkg.egg-info/SOURCES.txt'
[1.703s] running build
[1.703s] running build_py
[1.704s] creating /home/tedee/swarm/ros2_ws/build/gui_pkg/build
[1.704s] creating /home/tedee/swarm/ros2_ws/build/gui_pkg/build/lib
[1.704s] creating /home/tedee/swarm/ros2_ws/build/gui_pkg/build/lib/gui_pkg
[1.704s] copying gui_pkg/__init__.py -> /home/tedee/swarm/ros2_ws/build/gui_pkg/build/lib/gui_pkg
[1.704s] copying gui_pkg/bridge.py -> /home/tedee/swarm/ros2_ws/build/gui_pkg/build/lib/gui_pkg
[1.705s] copying gui_pkg/gui.py -> /home/tedee/swarm/ros2_ws/build/gui_pkg/build/lib/gui_pkg
[1.705s] running install
[1.705s] running install_lib
[1.706s] creating /home/tedee/swarm/ros2_ws/install/gui_pkg/lib/python3.10/site-packages/gui_pkg
[1.706s] copying /home/tedee/swarm/ros2_ws/build/gui_pkg/build/lib/gui_pkg/__init__.py -> /home/tedee/swarm/ros2_ws/install/gui_pkg/lib/python3.10/site-packages/gui_pkg
[1.706s] copying /home/tedee/swarm/ros2_ws/build/gui_pkg/build/lib/gui_pkg/bridge.py -> /home/tedee/swarm/ros2_ws/install/gui_pkg/lib/python3.10/site-packages/gui_pkg
[1.707s] copying /home/tedee/swarm/ros2_ws/build/gui_pkg/build/lib/gui_pkg/gui.py -> /home/tedee/swarm/ros2_ws/install/gui_pkg/lib/python3.10/site-packages/gui_pkg
[1.707s] byte-compiling /home/tedee/swarm/ros2_ws/install/gui_pkg/lib/python3.10/site-packages/gui_pkg/__init__.py to __init__.cpython-310.pyc
[1.707s] byte-compiling /home/tedee/swarm/ros2_ws/install/gui_pkg/lib/python3.10/site-packages/gui_pkg/bridge.py to bridge.cpython-310.pyc
[1.707s] byte-compiling /home/tedee/swarm/ros2_ws/install/gui_pkg/lib/python3.10/site-packages/gui_pkg/gui.py to gui.cpython-310.pyc
[1.707s] running install_data
[1.707s] creating /home/tedee/swarm/ros2_ws/install/gui_pkg/share/ament_index
[1.707s] creating /home/tedee/swarm/ros2_ws/install/gui_pkg/share/ament_index/resource_index
[1.708s] creating /home/tedee/swarm/ros2_ws/install/gui_pkg/share/ament_index/resource_index/packages
[1.708s] copying resource/gui_pkg -> /home/tedee/swarm/ros2_ws/install/gui_pkg/share/ament_index/resource_index/packages
[1.708s] copying package.xml -> /home/tedee/swarm/ros2_ws/install/gui_pkg/share/gui_pkg
[1.708s] running install_egg_info
[1.708s] Copying ../../build/gui_pkg/gui_pkg.egg-info to /home/tedee/swarm/ros2_ws/install/gui_pkg/lib/python3.10/site-packages/gui_pkg-0.0.0-py3.10.egg-info
[1.708s] running install_scripts
[1.721s] Installing bridge script to /home/tedee/swarm/ros2_ws/install/gui_pkg/lib/gui_pkg
[1.721s] Installing gui_pkg script to /home/tedee/swarm/ros2_ws/install/gui_pkg/lib/gui_pkg
[1.721s] writing list of installed files to '/home/tedee/swarm/ros2_ws/build/gui_pkg/install.log'
[1.761s] Invoked command in '/home/tedee/swarm/ros2_ws/src/gui_pkg' returned '0': PYTHONPATH=/home/tedee/swarm/ros2_ws/build/gui_pkg/prefix_override:/usr/lib/python3/dist-packages/colcon_core/task/python/colcon_distutils_commands:/home/tedee/swarm/ros2_ws/install/gui_pkg/lib/python3.10/site-packages:${PYTHONPATH} /usr/bin/python3 -W ignore:setup.py install is deprecated -W ignore:easy_install command is deprecated setup.py egg_info --egg-base ../../build/gui_pkg build --build-base /home/tedee/swarm/ros2_ws/build/gui_pkg/build install --record /home/tedee/swarm/ros2_ws/build/gui_pkg/install.log --single-version-externally-managed install_data
