running egg_info
writing ../../build/safety_zone/safety_zone.egg-info/PKG-INFO
writing dependency_links to ../../build/safety_zone/safety_zone.egg-info/dependency_links.txt
writing entry points to ../../build/safety_zone/safety_zone.egg-info/entry_points.txt
writing requirements to ../../build/safety_zone/safety_zone.egg-info/requires.txt
writing top-level names to ../../build/safety_zone/safety_zone.egg-info/top_level.txt
reading manifest file '../../build/safety_zone/safety_zone.egg-info/SOURCES.txt'
writing manifest file '../../build/safety_zone/safety_zone.egg-info/SOURCES.txt'
running build
running build_py
copying safety_zone/safety_zone_node.py -> /home/tedee/swarm/ros2_ws/build/safety_zone/build/lib/safety_zone
running install
running install_lib
copying /home/tedee/swarm/ros2_ws/build/safety_zone/build/lib/safety_zone/safety_zone_node.py -> /home/tedee/swarm/ros2_ws/install/safety_zone/lib/python3.10/site-packages/safety_zone
byte-compiling /home/tedee/swarm/ros2_ws/install/safety_zone/lib/python3.10/site-packages/safety_zone/safety_zone_node.py to safety_zone_node.cpython-310.pyc
running install_data
running install_egg_info
removing '/home/tedee/swarm/ros2_ws/install/safety_zone/lib/python3.10/site-packages/safety_zone-0.0.0-py3.10.egg-info' (and everything under it)
Copying ../../build/safety_zone/safety_zone.egg-info to /home/tedee/swarm/ros2_ws/install/safety_zone/lib/python3.10/site-packages/safety_zone-0.0.0-py3.10.egg-info
running install_scripts
Installing safety_zone_node script to /home/tedee/swarm/ros2_ws/install/safety_zone/lib/safety_zone
writing list of installed files to '/home/tedee/swarm/ros2_ws/build/safety_zone/install.log'
